[0KRunning with gitlab-runner 17.10.0~pre.41.g5c23fd8e (5c23fd8e)[0;m
[0K  on blue-6.saas-linux-small-amd64.runners-manager.gitlab.com/default nN8vMRS9Z, system ID: s_a899fcd611a3[0;m
section_start:1745261526:prepare_executor[0K[0K[36;1mPreparing the "docker+machine" executor[0;m[0;m
[0KUsing Docker executor with image docker:latest ...[0;m
[0KStarting service docker:dind...[0;m
[0KPulling docker image docker:dind ...[0;m
[0KUsing docker image sha256:721f8c2d35917e067eee791d06c09d565d2c4b6b95aa7df0190c04b56d3de9e0 for docker:dind with digest docker@sha256:f49e1c71b5d9f8ebe53715f78996ce42b8be4b1ec03875d187dfe3c03de1dc00 ...[0;m
[0KWaiting for services to be up and running (timeout 30 seconds)...[0;m
[0KPulling docker image docker:latest ...[0;m
[0KUsing docker image sha256:721f8c2d35917e067eee791d06c09d565d2c4b6b95aa7df0190c04b56d3de9e0 for docker:latest with digest docker@sha256:f49e1c71b5d9f8ebe53715f78996ce42b8be4b1ec03875d187dfe3c03de1dc00 ...[0;m
section_end:1745261558:prepare_executor[0Ksection_start:1745261558:prepare_script[0K[0K[36;1mPreparing environment[0;m[0;m
Running on runner-nn8vmrs9z-project-68491501-concurrent-0 via runner-nn8vmrs9z-s-l-s-amd64-1745261415-6d9fa62e...
section_end:1745261559:prepare_script[0Ksection_start:1745261559:get_sources[0K[0K[36;1mGetting source from Git repository[0;m[0;m
[32;1mFetching changes with git depth set to 20...[0;m
Initialized empty Git repository in /builds/adrirob2003/pai4/.git/
[32;1mCreated fresh repository.[0;m
[32;1mChecking out 0b3dec68 as detached HEAD (ref is main)...[0;m

[32;1mSkipping Git submodules setup[0;m
[32;1m$ git remote set-url origin "${CI_REPOSITORY_URL}" || echo 'Not a git repository; skipping'[0;m
section_end:1745261561:get_sources[0Ksection_start:1745261561:download_artifacts[0K[0K[36;1mDownloading artifacts[0;m[0;m
[32;1mDownloading artifacts for SCA (9779753390)...[0;m
Downloading artifacts from coordinator... ok      [0;m  host[0;m=storage.googleapis.com id[0;m=9779753390 responseStatus[0;m=200 OK token[0;m=66_8KDN6n
[32;1mDownloading artifacts for IaC-Security (9779753393)...[0;m
Downloading artifacts from coordinator... ok      [0;m  host[0;m=storage.googleapis.com id[0;m=9779753393 responseStatus[0;m=200 OK token[0;m=66_8KDN6n
[32;1mDownloading artifacts for Test (9779753394)...[0;m
Downloading artifacts from coordinator... ok      [0;m  host[0;m=storage.googleapis.com id[0;m=9779753394 responseStatus[0;m=200 OK token[0;m=66_8KDN6n
section_end:1745261563:download_artifacts[0Ksection_start:1745261563:step_script[0K[0K[36;1mExecuting "step_script" stage of the job script[0;m[0;m
[0KUsing docker image sha256:721f8c2d35917e067eee791d06c09d565d2c4b6b95aa7df0190c04b56d3de9e0 for docker:latest with digest docker@sha256:f49e1c71b5d9f8ebe53715f78996ce42b8be4b1ec03875d187dfe3c03de1dc00 ...[0;m
[32;1m$ docker build -t registry.gitlab.com/$CI_PROJECT_PATH/myapp:latest .[0;m
#0 building with "default" instance using docker driver

#1 [internal] load build definition from Dockerfile
#1 transferring dockerfile: 506B done
#1 DONE 0.0s

#2 [internal] load metadata for docker.io/library/python:3.11-slim
#2 DONE 0.6s

#3 [internal] load .dockerignore
#3 transferring context: 2B done
#3 DONE 0.0s

#4 [1/4] FROM docker.io/library/python:3.11-slim@sha256:82c07f2f6e35255b92eb16f38dbd22679d5e8fb523064138d7c6468e7bf0c15b
#4 resolve docker.io/library/python:3.11-slim@sha256:82c07f2f6e35255b92eb16f38dbd22679d5e8fb523064138d7c6468e7bf0c15b 0.0s done
#4 sha256:82c07f2f6e35255b92eb16f38dbd22679d5e8fb523064138d7c6468e7bf0c15b 9.13kB / 9.13kB done
#4 sha256:974cb5b34070dd2f5358ca1de1257887bec76ba87f6e727091669035e5f3484d 1.75kB / 1.75kB done
#4 sha256:0334b36fd0ebeff9f5bc512b1d61f5b79ae54fddc7fefcb859d8a4529bb675db 5.31kB / 5.31kB done
#4 sha256:8a628cdd7ccc83e90e5a95888fcb0ec24b991141176c515ad101f12d6433eb96 0B / 28.23MB 0.1s
#4 sha256:2a47a8c4fd5c358f98fb193471dc5d7a1e75e33d480fb7a25a7130840a8769d9 0B / 3.51MB 0.1s
#4 sha256:9c538fc354918cfe13231798fe17d7c4b463cda38500187c0ecedcc061d6129e 0B / 16.20MB 0.1s
#4 ...

#5 [internal] load build context
#5 transferring context: 13.91MB 0.2s done
#5 DONE 0.2s

#4 [1/4] FROM docker.io/library/python:3.11-slim@sha256:82c07f2f6e35255b92eb16f38dbd22679d5e8fb523064138d7c6468e7bf0c15b
#4 sha256:8a628cdd7ccc83e90e5a95888fcb0ec24b991141176c515ad101f12d6433eb96 6.29MB / 28.23MB 0.2s
#4 sha256:8a628cdd7ccc83e90e5a95888fcb0ec24b991141176c515ad101f12d6433eb96 14.68MB / 28.23MB 0.3s
#4 sha256:8a628cdd7ccc83e90e5a95888fcb0ec24b991141176c515ad101f12d6433eb96 25.17MB / 28.23MB 0.4s
#4 sha256:2a47a8c4fd5c358f98fb193471dc5d7a1e75e33d480fb7a25a7130840a8769d9 3.15MB / 3.51MB 0.4s
#4 sha256:9c538fc354918cfe13231798fe17d7c4b463cda38500187c0ecedcc061d6129e 7.34MB / 16.20MB 0.4s
#4 sha256:8a628cdd7ccc83e90e5a95888fcb0ec24b991141176c515ad101f12d6433eb96 28.23MB / 28.23MB 0.6s
#4 sha256:2a47a8c4fd5c358f98fb193471dc5d7a1e75e33d480fb7a25a7130840a8769d9 3.51MB / 3.51MB 0.4s done
#4 sha256:9c538fc354918cfe13231798fe17d7c4b463cda38500187c0ecedcc061d6129e 16.20MB / 16.20MB 0.6s
#4 sha256:47bbb0afa7fe5695aca89f358dc3e73f46655977e201f553a558b4590b951dac 250B / 250B 0.6s
#4 sha256:8a628cdd7ccc83e90e5a95888fcb0ec24b991141176c515ad101f12d6433eb96 28.23MB / 28.23MB 0.6s done
#4 sha256:9c538fc354918cfe13231798fe17d7c4b463cda38500187c0ecedcc061d6129e 16.20MB / 16.20MB 0.6s done
#4 sha256:47bbb0afa7fe5695aca89f358dc3e73f46655977e201f553a558b4590b951dac 250B / 250B 0.6s done
#4 extracting sha256:8a628cdd7ccc83e90e5a95888fcb0ec24b991141176c515ad101f12d6433eb96 0.1s
#4 extracting sha256:8a628cdd7ccc83e90e5a95888fcb0ec24b991141176c515ad101f12d6433eb96 1.2s done
#4 extracting sha256:2a47a8c4fd5c358f98fb193471dc5d7a1e75e33d480fb7a25a7130840a8769d9 0.1s
#4 extracting sha256:2a47a8c4fd5c358f98fb193471dc5d7a1e75e33d480fb7a25a7130840a8769d9 0.1s done
#4 extracting sha256:9c538fc354918cfe13231798fe17d7c4b463cda38500187c0ecedcc061d6129e 0.1s
#4 extracting sha256:9c538fc354918cfe13231798fe17d7c4b463cda38500187c0ecedcc061d6129e 0.8s done
#4 extracting sha256:47bbb0afa7fe5695aca89f358dc3e73f46655977e201f553a558b4590b951dac done
#4 DONE 3.1s

#6 [2/4] WORKDIR /app
#6 DONE 1.2s

#7 [3/4] COPY . .
#7 DONE 0.1s

#8 [4/4] RUN pip install --upgrade pip &&     pip install -r requirements.txt
#8 1.608 Requirement already satisfied: pip in /usr/local/lib/python3.11/site-packages (24.0)
#8 1.753 Collecting pip
#8 1.824   Downloading pip-25.0.1-py3-none-any.whl.metadata (3.7 kB)
#8 1.850 Downloading pip-25.0.1-py3-none-any.whl (1.8 MB)
#8 1.950    ━━━━━━━━━━━━━━━━━━━━━━━━━━━━━━━━━━━━━━━━ 1.8/1.8 MB 19.4 MB/s eta 0:00:00
#8 1.991 Installing collected packages: pip
#8 1.992   Attempting uninstall: pip
#8 1.995     Found existing installation: pip 24.0
#8 2.041     Uninstalling pip-24.0:
#8 2.246       Successfully uninstalled pip-24.0
#8 3.091 Successfully installed pip-25.0.1
#8 3.092 WARNING: Running pip as the 'root' user can result in broken permissions and conflicting behaviour with the system package manager. It is recommended to use a virtual environment instead: https://pip.pypa.io/warnings/venv
#8 3.759 Collecting asgiref==3.8.1 (from -r requirements.txt (line 1))
#8 3.827   Downloading asgiref-3.8.1-py3-none-any.whl.metadata (9.3 kB)
#8 3.871 Collecting certifi==2024.8.30 (from -r requirements.txt (line 2))
#8 3.885   Downloading certifi-2024.8.30-py3-none-any.whl.metadata (2.2 kB)
#8 3.993 Collecting charset-normalizer==3.4.0 (from -r requirements.txt (line 3))
#8 4.008   Downloading charset_normalizer-3.4.0-cp311-cp311-manylinux_2_17_x86_64.manylinux2014_x86_64.whl.metadata (34 kB)
#8 4.102 Collecting Django<4.3,>=4.2 (from -r requirements.txt (line 4))
#8 4.117   Downloading Django-4.2.20-py3-none-any.whl.metadata (4.1 kB)
#8 4.153 Collecting django-use-email-as-username==1.4.0 (from -r requirements.txt (line 5))
#8 4.169   Downloading django_use_email_as_username-1.4.0-py3-none-any.whl.metadata (4.4 kB)
#8 4.204 Collecting django-widget-tweaks==1.5.0 (from -r requirements.txt (line 6))
#8 4.219   Downloading django_widget_tweaks-1.5.0-py3-none-any.whl.metadata (13 kB)
#8 4.255 Collecting idna==3.10 (from -r requirements.txt (line 7))
#8 4.270   Downloading idna-3.10-py3-none-any.whl.metadata (10 kB)
#8 4.420 Collecting pillow==11.0.0 (from -r requirements.txt (line 8))
#8 4.437   Downloading pillow-11.0.0-cp311-cp311-manylinux_2_28_x86_64.whl.metadata (9.1 kB)
#8 4.485 Collecting requests==2.32.3 (from -r requirements.txt (line 9))
#8 4.501   Downloading requests-2.32.3-py3-none-any.whl.metadata (4.6 kB)
#8 4.536 Collecting sqlparse==0.5.1 (from -r requirements.txt (line 10))
#8 4.551   Downloading sqlparse-0.5.1-py3-none-any.whl.metadata (3.9 kB)
#8 4.633 Collecting stripe==11.3.0 (from -r requirements.txt (line 11))
#8 4.650   Downloading stripe-11.3.0-py2.py3-none-any.whl.metadata (2.7 kB)
#8 4.689 Collecting typing_extensions==4.12.2 (from -r requirements.txt (line 12))
#8 4.706   Downloading typing_extensions-4.12.2-py3-none-any.whl.metadata (3.0 kB)
#8 4.743 Collecting tzdata==2024.2 (from -r requirements.txt (line 13))
#8 4.757   Downloading tzdata-2024.2-py2.py3-none-any.whl.metadata (1.4 kB)
#8 4.802 Collecting urllib3==2.2.3 (from -r requirements.txt (line 14))
#8 4.816   Downloading urllib3-2.2.3-py3-none-any.whl.metadata (6.5 kB)
#8 4.902 Downloading asgiref-3.8.1-py3-none-any.whl (23 kB)
#8 4.925 Downloading certifi-2024.8.30-py3-none-any.whl (167 kB)
#8 4.964 Downloading charset_normalizer-3.4.0-cp311-cp311-manylinux_2_17_x86_64.manylinux2014_x86_64.whl (142 kB)
#8 4.992 Downloading django_use_email_as_username-1.4.0-py3-none-any.whl (8.1 kB)
#8 5.016 Downloading django_widget_tweaks-1.5.0-py3-none-any.whl (9.0 kB)
#8 5.038 Downloading idna-3.10-py3-none-any.whl (70 kB)
#8 5.071 Downloading pillow-11.0.0-cp311-cp311-manylinux_2_28_x86_64.whl (4.4 MB)
#8 5.140    ━━━━━━━━━━━━━━━━━━━━━━━━━━━━━━━━━━━━━━━━ 4.4/4.4 MB 65.5 MB/s eta 0:00:00
#8 5.156 Downloading requests-2.32.3-py3-none-any.whl (64 kB)
#8 5.179 Downloading sqlparse-0.5.1-py3-none-any.whl (44 kB)
#8 5.201 Downloading stripe-11.3.0-py2.py3-none-any.whl (1.6 MB)
#8 5.225    ━━━━━━━━━━━━━━━━━━━━━━━━━━━━━━━━━━━━━━━━ 1.6/1.6 MB 67.5 MB/s eta 0:00:00
#8 5.240 Downloading typing_extensions-4.12.2-py3-none-any.whl (37 kB)
#8 5.263 Downloading tzdata-2024.2-py2.py3-none-any.whl (346 kB)
#8 5.290 Downloading urllib3-2.2.3-py3-none-any.whl (126 kB)
#8 5.316 Downloading Django-4.2.20-py3-none-any.whl (8.0 MB)
#8 5.399    ━━━━━━━━━━━━━━━━━━━━━━━━━━━━━━━━━━━━━━━━ 8.0/8.0 MB 98.1 MB/s eta 0:00:00
#8 5.483 Installing collected packages: urllib3, tzdata, typing_extensions, sqlparse, pillow, idna, django-widget-tweaks, charset-normalizer, certifi, asgiref, requests, Django, stripe, django-use-email-as-username
#8 8.710 Successfully installed Django-4.2.20 asgiref-3.8.1 certifi-2024.8.30 charset-normalizer-3.4.0 django-use-email-as-username-1.4.0 django-widget-tweaks-1.5.0 idna-3.10 pillow-11.0.0 requests-2.32.3 sqlparse-0.5.1 stripe-11.3.0 typing_extensions-4.12.2 tzdata-2024.2 urllib3-2.2.3
#8 8.710 WARNING: Running pip as the 'root' user can result in broken permissions and conflicting behaviour with the system package manager, possibly rendering your system unusable. It is recommended to use a virtual environment instead: https://pip.pypa.io/warnings/venv. Use the --root-user-action option if you know what you are doing and want to suppress this warning.
#8 DONE 9.7s

#9 exporting to image
#9 exporting layers
#9 exporting layers 1.1s done
#9 writing image sha256:46948fe43d46447e57cb962290bbcc024131c60f570ac5cf1a80a7c528c51a5a done
#9 naming to registry.gitlab.com/adrirob2003/pai4/myapp:latest done
#9 DONE 1.1s
[32;1m$ docker login -u gitlab-ci-token -p $CI_JOB_TOKEN registry.gitlab.com[0;m
WARNING! Using --password via the CLI is insecure. Use --password-stdin.

WARNING! Your credentials are stored unencrypted in '/root/.docker/config.json'.
Configure a credential helper to remove this warning. See
https://docs.docker.com/go/credential-store/

Login Succeeded
[32;1m$ docker push registry.gitlab.com/$CI_PROJECT_PATH/myapp:latest[0;m
The push refers to repository [registry.gitlab.com/adrirob2003/pai4/myapp]
737ec757b18e: Preparing
16a354d8ec85: Preparing
43ae3d739df5: Preparing
df7e0efe85e6: Preparing
832ecaad9cb5: Preparing
7cc0d5f7bb31: Preparing
ea680fbff095: Preparing
7cc0d5f7bb31: Waiting
ea680fbff095: Waiting
df7e0efe85e6: Layer already exists
832ecaad9cb5: Layer already exists
7cc0d5f7bb31: Layer already exists
43ae3d739df5: Pushed
16a354d8ec85: Pushed
ea680fbff095: Pushed
737ec757b18e: Pushed
latest: digest: sha256:d548315755679d63fd59e3833c31bf144756da8cda0ccbe22ebf320ed2fb6b89 size: 1789
section_end:1745261590:step_script[0Ksection_start:1745261590:cleanup_file_variables[0K[0K[36;1mCleaning up project directory and file based variables[0;m[0;m
section_end:1745261591:cleanup_file_variables[0K[32;1mJob succeeded[0;m
